Analysis & Synthesis report for ula_multiplicador
Sat Jun 18 02:40:35 2022
Quartus II 64-Bit Version 13.0.1 Build 232 06/12/2013 Service Pack 1 SJ Web Edition


---------------------
; Table of Contents ;
---------------------
  1. Legal Notice
  2. Analysis & Synthesis Summary
  3. Analysis & Synthesis Settings
  4. Parallel Compilation
  5. Analysis & Synthesis Source Files Read
  6. Analysis & Synthesis Resource Usage Summary
  7. Analysis & Synthesis Resource Utilization by Entity
  8. State Machine - |TP1|TP1_bc:bc0|state
  9. General Register Statistics
 10. Multiplexer Restructuring Statistics (Restructuring Performed)
 11. Parameter Settings for User Entity Instance: Top-level Entity: |TP1
 12. Parameter Settings for User Entity Instance: TP1_bo:bo0
 13. Parameter Settings for User Entity Instance: TP1_bo:bo0|registrador:regA
 14. Parameter Settings for User Entity Instance: TP1_bo:bo0|registrador:regB
 15. Parameter Settings for User Entity Instance: TP1_bo:bo0|registrador_unsigned:regOp
 16. Parameter Settings for User Entity Instance: TP1_bo:bo0|ula:ula0
 17. Parameter Settings for User Entity Instance: TP1_bo:bo0|ula:ula0|somadorsubtrator:somasub0
 18. Parameter Settings for User Entity Instance: TP1_bo:bo0|ula:ula0|booth_multiplier_4bits:booth0
 19. Parameter Settings for User Entity Instance: TP1_bo:bo0|registrador:regS_low
 20. Parameter Settings for User Entity Instance: TP1_bo:bo0|registrador:regS_high
 21. Parameter Settings for User Entity Instance: TP1_bo:bo0|registrador_unsigned:regflag_z_n_ovf
 22. Elapsed Time Per Partition
 23. Analysis & Synthesis Messages



----------------
; Legal Notice ;
----------------
Copyright (C) 1991-2013 Altera Corporation
Your use of Altera Corporation's design tools, logic functions 
and other software and tools, and its AMPP partner logic 
functions, and any output files from any of the foregoing 
(including device programming or simulation files), and any 
associated documentation or information are expressly subject 
to the terms and conditions of the Altera Program License 
Subscription Agreement, Altera MegaCore Function License 
Agreement, or other applicable license agreement, including, 
without limitation, that your use is for the sole purpose of 
programming logic devices manufactured by Altera and sold by 
Altera or its authorized distributors.  Please refer to the 
applicable agreement for further details.



+--------------------------------------------------------------------------------------+
; Analysis & Synthesis Summary                                                         ;
+------------------------------------+-------------------------------------------------+
; Analysis & Synthesis Status        ; Successful - Sat Jun 18 02:40:35 2022           ;
; Quartus II 64-Bit Version          ; 13.0.1 Build 232 06/12/2013 SP 1 SJ Web Edition ;
; Revision Name                      ; ula_multiplicador                               ;
; Top-level Entity Name              ; TP1                                             ;
; Family                             ; Cyclone II                                      ;
; Total logic elements               ; 104                                             ;
;     Total combinational functions  ; 88                                              ;
;     Dedicated logic registers      ; 27                                              ;
; Total registers                    ; 27                                              ;
; Total pins                         ; 18                                              ;
; Total virtual pins                 ; 0                                               ;
; Total memory bits                  ; 0                                               ;
; Embedded Multiplier 9-bit elements ; 0                                               ;
; Total PLLs                         ; 0                                               ;
+------------------------------------+-------------------------------------------------+


+----------------------------------------------------------------------------------------------------------------------+
; Analysis & Synthesis Settings                                                                                        ;
+----------------------------------------------------------------------------+--------------------+--------------------+
; Option                                                                     ; Setting            ; Default Value      ;
+----------------------------------------------------------------------------+--------------------+--------------------+
; Device                                                                     ; EP2C35F672C6       ;                    ;
; Top-level entity name                                                      ; TP1                ; ula_multiplicador  ;
; Family name                                                                ; Cyclone II         ; Cyclone IV GX      ;
; Use smart compilation                                                      ; Off                ; Off                ;
; Enable parallel Assembler and TimeQuest Timing Analyzer during compilation ; On                 ; On                 ;
; Enable compact report table                                                ; Off                ; Off                ;
; Restructure Multiplexers                                                   ; Auto               ; Auto               ;
; Create Debugging Nodes for IP Cores                                        ; Off                ; Off                ;
; Preserve fewer node names                                                  ; On                 ; On                 ;
; Disable OpenCore Plus hardware evaluation                                  ; Off                ; Off                ;
; Verilog Version                                                            ; Verilog_2001       ; Verilog_2001       ;
; VHDL Version                                                               ; VHDL_1993          ; VHDL_1993          ;
; State Machine Processing                                                   ; Auto               ; Auto               ;
; Safe State Machine                                                         ; Off                ; Off                ;
; Extract Verilog State Machines                                             ; On                 ; On                 ;
; Extract VHDL State Machines                                                ; On                 ; On                 ;
; Ignore Verilog initial constructs                                          ; Off                ; Off                ;
; Iteration limit for constant Verilog loops                                 ; 5000               ; 5000               ;
; Iteration limit for non-constant Verilog loops                             ; 250                ; 250                ;
; Add Pass-Through Logic to Inferred RAMs                                    ; On                 ; On                 ;
; Infer RAMs from Raw Logic                                                  ; On                 ; On                 ;
; Parallel Synthesis                                                         ; On                 ; On                 ;
; DSP Block Balancing                                                        ; Auto               ; Auto               ;
; NOT Gate Push-Back                                                         ; On                 ; On                 ;
; Power-Up Don't Care                                                        ; On                 ; On                 ;
; Remove Redundant Logic Cells                                               ; Off                ; Off                ;
; Remove Duplicate Registers                                                 ; On                 ; On                 ;
; Ignore CARRY Buffers                                                       ; Off                ; Off                ;
; Ignore CASCADE Buffers                                                     ; Off                ; Off                ;
; Ignore GLOBAL Buffers                                                      ; Off                ; Off                ;
; Ignore ROW GLOBAL Buffers                                                  ; Off                ; Off                ;
; Ignore LCELL Buffers                                                       ; Off                ; Off                ;
; Ignore SOFT Buffers                                                        ; On                 ; On                 ;
; Limit AHDL Integers to 32 Bits                                             ; Off                ; Off                ;
; Optimization Technique                                                     ; Balanced           ; Balanced           ;
; Carry Chain Length                                                         ; 70                 ; 70                 ;
; Auto Carry Chains                                                          ; On                 ; On                 ;
; Auto Open-Drain Pins                                                       ; On                 ; On                 ;
; Perform WYSIWYG Primitive Resynthesis                                      ; Off                ; Off                ;
; Auto ROM Replacement                                                       ; On                 ; On                 ;
; Auto RAM Replacement                                                       ; On                 ; On                 ;
; Auto Shift Register Replacement                                            ; Auto               ; Auto               ;
; Allow Shift Register Merging across Hierarchies                            ; Auto               ; Auto               ;
; Auto Clock Enable Replacement                                              ; On                 ; On                 ;
; Strict RAM Replacement                                                     ; Off                ; Off                ;
; Allow Synchronous Control Signals                                          ; On                 ; On                 ;
; Force Use of Synchronous Clear Signals                                     ; Off                ; Off                ;
; Auto RAM to Logic Cell Conversion                                          ; Off                ; Off                ;
; Auto Resource Sharing                                                      ; Off                ; Off                ;
; Allow Any RAM Size For Recognition                                         ; Off                ; Off                ;
; Allow Any ROM Size For Recognition                                         ; Off                ; Off                ;
; Allow Any Shift Register Size For Recognition                              ; Off                ; Off                ;
; Use LogicLock Constraints during Resource Balancing                        ; On                 ; On                 ;
; Ignore translate_off and synthesis_off directives                          ; Off                ; Off                ;
; Timing-Driven Synthesis                                                    ; Off                ; Off                ;
; Report Parameter Settings                                                  ; On                 ; On                 ;
; Report Source Assignments                                                  ; On                 ; On                 ;
; Report Connectivity Checks                                                 ; On                 ; On                 ;
; Ignore Maximum Fan-Out Assignments                                         ; Off                ; Off                ;
; Synchronization Register Chain Length                                      ; 2                  ; 2                  ;
; PowerPlay Power Optimization                                               ; Normal compilation ; Normal compilation ;
; HDL message level                                                          ; Level2             ; Level2             ;
; Suppress Register Optimization Related Messages                            ; Off                ; Off                ;
; Number of Removed Registers Reported in Synthesis Report                   ; 5000               ; 5000               ;
; Number of Swept Nodes Reported in Synthesis Report                         ; 5000               ; 5000               ;
; Number of Inverted Registers Reported in Synthesis Report                  ; 100                ; 100                ;
; Clock MUX Protection                                                       ; On                 ; On                 ;
; Auto Gated Clock Conversion                                                ; Off                ; Off                ;
; Block Design Naming                                                        ; Auto               ; Auto               ;
; SDC constraint protection                                                  ; Off                ; Off                ;
; Synthesis Effort                                                           ; Auto               ; Auto               ;
; Shift Register Replacement - Allow Asynchronous Clear Signal               ; On                 ; On                 ;
; Pre-Mapping Resynthesis Optimization                                       ; Off                ; Off                ;
; Analysis & Synthesis Message Level                                         ; Medium             ; Medium             ;
; Disable Register Merging Across Hierarchies                                ; Auto               ; Auto               ;
; Resource Aware Inference For Block RAM                                     ; On                 ; On                 ;
; Synthesis Seed                                                             ; 1                  ; 1                  ;
+----------------------------------------------------------------------------+--------------------+--------------------+


Parallel compilation was disabled, but you have multiple processors available. Enable parallel compilation to reduce compilation time.
+-------------------------------------+
; Parallel Compilation                ;
+----------------------------+--------+
; Processors                 ; Number ;
+----------------------------+--------+
; Number detected on machine ; 8      ;
; Maximum allowed            ; 1      ;
+----------------------------+--------+


+----------------------------------------------------------------------------------------------------------------------------------------------------------------------------------------------+
; Analysis & Synthesis Source Files Read                                                                                                                                                       ;
+----------------------------------+-----------------+-----------------+-------------------------------------------------------------------------------------------------------------+---------+
; File Name with User-Entered Path ; Used in Netlist ; File Type       ; File Name with Absolute Path                                                                                ; Library ;
+----------------------------------+-----------------+-----------------+-------------------------------------------------------------------------------------------------------------+---------+
; somadorsubtrator.vhd             ; yes             ; User VHDL File  ; C:/Users/edupe/OneDrive/햞ea de Trabalho/TP1_FINAL/projetos-sd/ula_multiplicador/somadorsubtrator.vhd       ;         ;
; registrador.vhd                  ; yes             ; User VHDL File  ; C:/Users/edupe/OneDrive/햞ea de Trabalho/TP1_FINAL/projetos-sd/ula_multiplicador/registrador.vhd            ;         ;
; TP1_bc.vhd                       ; yes             ; User VHDL File  ; C:/Users/edupe/OneDrive/햞ea de Trabalho/TP1_FINAL/projetos-sd/ula_multiplicador/TP1_bc.vhd                 ;         ;
; TP1_bo.vhd                       ; yes             ; User VHDL File  ; C:/Users/edupe/OneDrive/햞ea de Trabalho/TP1_FINAL/projetos-sd/ula_multiplicador/TP1_bo.vhd                 ;         ;
; TP1.vhd                          ; yes             ; User VHDL File  ; C:/Users/edupe/OneDrive/햞ea de Trabalho/TP1_FINAL/projetos-sd/ula_multiplicador/TP1.vhd                    ;         ;
; registrador_unsigned.vhd         ; yes             ; User VHDL File  ; C:/Users/edupe/OneDrive/햞ea de Trabalho/TP1_FINAL/projetos-sd/ula_multiplicador/registrador_unsigned.vhd   ;         ;
; ula.vhd                          ; yes             ; User VHDL File  ; C:/Users/edupe/OneDrive/햞ea de Trabalho/TP1_FINAL/projetos-sd/ula_multiplicador/ula.vhd                    ;         ;
; booth_multiplier_4bits.vhd       ; yes             ; User VHDL File  ; C:/Users/edupe/OneDrive/햞ea de Trabalho/TP1_FINAL/projetos-sd/ula_multiplicador/booth_multiplier_4bits.vhd ;         ;
+----------------------------------+-----------------+-----------------+-------------------------------------------------------------------------------------------------------------+---------+


+-----------------------------------------------------+
; Analysis & Synthesis Resource Usage Summary         ;
+---------------------------------------------+-------+
; Resource                                    ; Usage ;
+---------------------------------------------+-------+
; Estimated Total logic elements              ; 104   ;
;                                             ;       ;
; Total combinational functions               ; 88    ;
; Logic element usage by number of LUT inputs ;       ;
;     -- 4 input functions                    ; 39    ;
;     -- 3 input functions                    ; 38    ;
;     -- <=2 input functions                  ; 11    ;
;                                             ;       ;
; Logic elements by mode                      ;       ;
;     -- normal mode                          ; 64    ;
;     -- arithmetic mode                      ; 24    ;
;                                             ;       ;
; Total registers                             ; 27    ;
;     -- Dedicated logic registers            ; 27    ;
;     -- I/O registers                        ; 0     ;
;                                             ;       ;
; I/O pins                                    ; 18    ;
; Embedded Multiplier 9-bit elements          ; 0     ;
; Maximum fan-out node                        ; clk   ;
; Maximum fan-out                             ; 27    ;
; Total fan-out                               ; 384   ;
; Average fan-out                             ; 2.89  ;
+---------------------------------------------+-------+


+----------------------------------------------------------------------------------------------------------------------------------------------------------------------------------------------------------------------------------+
; Analysis & Synthesis Resource Utilization by Entity                                                                                                                                                                              ;
+----------------------------------------------+-------------------+--------------+-------------+--------------+---------+-----------+------+--------------+--------------------------------------------------------+--------------+
; Compilation Hierarchy Node                   ; LC Combinationals ; LC Registers ; Memory Bits ; DSP Elements ; DSP 9x9 ; DSP 18x18 ; Pins ; Virtual Pins ; Full Hierarchy Name                                    ; Library Name ;
+----------------------------------------------+-------------------+--------------+-------------+--------------+---------+-----------+------+--------------+--------------------------------------------------------+--------------+
; |TP1                                         ; 88 (0)            ; 27 (0)       ; 0           ; 0            ; 0       ; 0         ; 18   ; 0            ; |TP1                                                   ; work         ;
;    |TP1_bc:bc0|                              ; 2 (2)             ; 5 (5)        ; 0           ; 0            ; 0       ; 0         ; 0    ; 0            ; |TP1|TP1_bc:bc0                                        ; work         ;
;    |TP1_bo:bo0|                              ; 86 (0)            ; 22 (0)       ; 0           ; 0            ; 0       ; 0         ; 0    ; 0            ; |TP1|TP1_bo:bo0                                        ; work         ;
;       |registrador:regA|                     ; 0 (0)             ; 4 (4)        ; 0           ; 0            ; 0       ; 0         ; 0    ; 0            ; |TP1|TP1_bo:bo0|registrador:regA                       ; work         ;
;       |registrador:regB|                     ; 0 (0)             ; 4 (4)        ; 0           ; 0            ; 0       ; 0         ; 0    ; 0            ; |TP1|TP1_bo:bo0|registrador:regB                       ; work         ;
;       |registrador:regS_high|                ; 0 (0)             ; 4 (4)        ; 0           ; 0            ; 0       ; 0         ; 0    ; 0            ; |TP1|TP1_bo:bo0|registrador:regS_high                  ; work         ;
;       |registrador:regS_low|                 ; 0 (0)             ; 4 (4)        ; 0           ; 0            ; 0       ; 0         ; 0    ; 0            ; |TP1|TP1_bo:bo0|registrador:regS_low                   ; work         ;
;       |registrador_unsigned:regOp|           ; 0 (0)             ; 3 (3)        ; 0           ; 0            ; 0       ; 0         ; 0    ; 0            ; |TP1|TP1_bo:bo0|registrador_unsigned:regOp             ; work         ;
;       |registrador_unsigned:regflag_z_n_ovf| ; 0 (0)             ; 3 (3)        ; 0           ; 0            ; 0       ; 0         ; 0    ; 0            ; |TP1|TP1_bo:bo0|registrador_unsigned:regflag_z_n_ovf   ; work         ;
;       |ula:ula0|                             ; 86 (35)           ; 0 (0)        ; 0           ; 0            ; 0       ; 0         ; 0    ; 0            ; |TP1|TP1_bo:bo0|ula:ula0                               ; work         ;
;          |booth_multiplier_4bits:booth0|     ; 42 (42)           ; 0 (0)        ; 0           ; 0            ; 0       ; 0         ; 0    ; 0            ; |TP1|TP1_bo:bo0|ula:ula0|booth_multiplier_4bits:booth0 ; work         ;
;          |somadorsubtrator:somasub0|         ; 9 (9)             ; 0 (0)        ; 0           ; 0            ; 0       ; 0         ; 0    ; 0            ; |TP1|TP1_bo:bo0|ula:ula0|somadorsubtrator:somasub0     ; work         ;
+----------------------------------------------+-------------------+--------------+-------------+--------------+---------+-----------+------+--------------+--------------------------------------------------------+--------------+
Note: For table entries with two numbers listed, the numbers in parentheses indicate the number of resources of the given type used by the specific entity alone. The numbers listed outside of parentheses indicate the total resources of the given type used by the specific entity and all of its sub-entities in the hierarchy.


Encoding Type:  One-Hot
+-----------------------------------------------------------------+
; State Machine - |TP1|TP1_bc:bc0|state                           ;
+----------+----------+----------+----------+----------+----------+
; Name     ; state.S4 ; state.S3 ; state.S2 ; state.S1 ; state.S0 ;
+----------+----------+----------+----------+----------+----------+
; state.S0 ; 0        ; 0        ; 0        ; 0        ; 0        ;
; state.S1 ; 0        ; 0        ; 0        ; 1        ; 1        ;
; state.S2 ; 0        ; 0        ; 1        ; 0        ; 1        ;
; state.S3 ; 0        ; 1        ; 0        ; 0        ; 1        ;
; state.S4 ; 1        ; 0        ; 0        ; 0        ; 1        ;
+----------+----------+----------+----------+----------+----------+


+------------------------------------------------------+
; General Register Statistics                          ;
+----------------------------------------------+-------+
; Statistic                                    ; Value ;
+----------------------------------------------+-------+
; Total registers                              ; 27    ;
; Number of registers using Synchronous Clear  ; 0     ;
; Number of registers using Synchronous Load   ; 0     ;
; Number of registers using Asynchronous Clear ; 5     ;
; Number of registers using Asynchronous Load  ; 0     ;
; Number of registers using Clock Enable       ; 22    ;
; Number of registers using Preset             ; 0     ;
+----------------------------------------------+-------+


+----------------------------------------------------------------------------------------------------------------------------------------------------------------------------+
; Multiplexer Restructuring Statistics (Restructuring Performed)                                                                                                             ;
+--------------------+-----------+---------------+----------------------+------------------------+------------+--------------------------------------------------------------+
; Multiplexer Inputs ; Bus Width ; Baseline Area ; Area if Restructured ; Saving if Restructured ; Registered ; Example Multiplexer Output                                   ;
+--------------------+-----------+---------------+----------------------+------------------------+------------+--------------------------------------------------------------+
; 3:1                ; 4 bits    ; 8 LEs         ; 8 LEs                ; 0 LEs                  ; No         ; |TP1|TP1_bo:bo0|ula:ula0|booth_multiplier_4bits:booth0|p2[5] ;
; 3:1                ; 4 bits    ; 8 LEs         ; 8 LEs                ; 0 LEs                  ; No         ; |TP1|TP1_bo:bo0|ula:ula0|booth_multiplier_4bits:booth0|p3[5] ;
; 8:1                ; 3 bits    ; 15 LEs        ; 12 LEs               ; 3 LEs                  ; No         ; |TP1|TP1_bo:bo0|ula:ula0|Mux3                                ;
; 4:1                ; 2 bits    ; 4 LEs         ; 4 LEs                ; 0 LEs                  ; No         ; |TP1|TP1_bo:bo0|ula:ula0|s_high[0]                           ;
+--------------------+-----------+---------------+----------------------+------------------------+------------+--------------------------------------------------------------+


+---------------------------------------------------------------------+
; Parameter Settings for User Entity Instance: Top-level Entity: |TP1 ;
+----------------+-------+--------------------------------------------+
; Parameter Name ; Value ; Type                                       ;
+----------------+-------+--------------------------------------------+
; N              ; 4     ; Signed Integer                             ;
+----------------+-------+--------------------------------------------+
Note: In order to hide this table in the UI and the text report file, please set the "Show Parameter Settings in Synthesis Report" option in "Analysis and Synthesis Settings -> More Settings" to "Off".


+---------------------------------------------------------+
; Parameter Settings for User Entity Instance: TP1_bo:bo0 ;
+----------------+-------+--------------------------------+
; Parameter Name ; Value ; Type                           ;
+----------------+-------+--------------------------------+
; n              ; 4     ; Signed Integer                 ;
+----------------+-------+--------------------------------+
Note: In order to hide this table in the UI and the text report file, please set the "Show Parameter Settings in Synthesis Report" option in "Analysis and Synthesis Settings -> More Settings" to "Off".


+--------------------------------------------------------------------------+
; Parameter Settings for User Entity Instance: TP1_bo:bo0|registrador:regA ;
+----------------+-------+-------------------------------------------------+
; Parameter Name ; Value ; Type                                            ;
+----------------+-------+-------------------------------------------------+
; n              ; 4     ; Signed Integer                                  ;
+----------------+-------+-------------------------------------------------+
Note: In order to hide this table in the UI and the text report file, please set the "Show Parameter Settings in Synthesis Report" option in "Analysis and Synthesis Settings -> More Settings" to "Off".


+--------------------------------------------------------------------------+
; Parameter Settings for User Entity Instance: TP1_bo:bo0|registrador:regB ;
+----------------+-------+-------------------------------------------------+
; Parameter Name ; Value ; Type                                            ;
+----------------+-------+-------------------------------------------------+
; n              ; 4     ; Signed Integer                                  ;
+----------------+-------+-------------------------------------------------+
Note: In order to hide this table in the UI and the text report file, please set the "Show Parameter Settings in Synthesis Report" option in "Analysis and Synthesis Settings -> More Settings" to "Off".


+------------------------------------------------------------------------------------+
; Parameter Settings for User Entity Instance: TP1_bo:bo0|registrador_unsigned:regOp ;
+----------------+-------+-----------------------------------------------------------+
; Parameter Name ; Value ; Type                                                      ;
+----------------+-------+-----------------------------------------------------------+
; n              ; 3     ; Signed Integer                                            ;
+----------------+-------+-----------------------------------------------------------+
Note: In order to hide this table in the UI and the text report file, please set the "Show Parameter Settings in Synthesis Report" option in "Analysis and Synthesis Settings -> More Settings" to "Off".


+------------------------------------------------------------------+
; Parameter Settings for User Entity Instance: TP1_bo:bo0|ula:ula0 ;
+----------------+-------+-----------------------------------------+
; Parameter Name ; Value ; Type                                    ;
+----------------+-------+-----------------------------------------+
; n              ; 4     ; Signed Integer                          ;
+----------------+-------+-----------------------------------------+
Note: In order to hide this table in the UI and the text report file, please set the "Show Parameter Settings in Synthesis Report" option in "Analysis and Synthesis Settings -> More Settings" to "Off".


+--------------------------------------------------------------------------------------------+
; Parameter Settings for User Entity Instance: TP1_bo:bo0|ula:ula0|somadorsubtrator:somasub0 ;
+----------------+-------+-------------------------------------------------------------------+
; Parameter Name ; Value ; Type                                                              ;
+----------------+-------+-------------------------------------------------------------------+
; n              ; 4     ; Signed Integer                                                    ;
+----------------+-------+-------------------------------------------------------------------+
Note: In order to hide this table in the UI and the text report file, please set the "Show Parameter Settings in Synthesis Report" option in "Analysis and Synthesis Settings -> More Settings" to "Off".


+------------------------------------------------------------------------------------------------+
; Parameter Settings for User Entity Instance: TP1_bo:bo0|ula:ula0|booth_multiplier_4bits:booth0 ;
+----------------+-------+-----------------------------------------------------------------------+
; Parameter Name ; Value ; Type                                                                  ;
+----------------+-------+-----------------------------------------------------------------------+
; n              ; 4     ; Signed Integer                                                        ;
+----------------+-------+-----------------------------------------------------------------------+
Note: In order to hide this table in the UI and the text report file, please set the "Show Parameter Settings in Synthesis Report" option in "Analysis and Synthesis Settings -> More Settings" to "Off".


+------------------------------------------------------------------------------+
; Parameter Settings for User Entity Instance: TP1_bo:bo0|registrador:regS_low ;
+----------------+-------+-----------------------------------------------------+
; Parameter Name ; Value ; Type                                                ;
+----------------+-------+-----------------------------------------------------+
; n              ; 4     ; Signed Integer                                      ;
+----------------+-------+-----------------------------------------------------+
Note: In order to hide this table in the UI and the text report file, please set the "Show Parameter Settings in Synthesis Report" option in "Analysis and Synthesis Settings -> More Settings" to "Off".


+-------------------------------------------------------------------------------+
; Parameter Settings for User Entity Instance: TP1_bo:bo0|registrador:regS_high ;
+----------------+-------+------------------------------------------------------+
; Parameter Name ; Value ; Type                                                 ;
+----------------+-------+------------------------------------------------------+
; n              ; 4     ; Signed Integer                                       ;
+----------------+-------+------------------------------------------------------+
Note: In order to hide this table in the UI and the text report file, please set the "Show Parameter Settings in Synthesis Report" option in "Analysis and Synthesis Settings -> More Settings" to "Off".


+----------------------------------------------------------------------------------------------+
; Parameter Settings for User Entity Instance: TP1_bo:bo0|registrador_unsigned:regflag_z_n_ovf ;
+----------------+-------+---------------------------------------------------------------------+
; Parameter Name ; Value ; Type                                                                ;
+----------------+-------+---------------------------------------------------------------------+
; n              ; 3     ; Signed Integer                                                      ;
+----------------+-------+---------------------------------------------------------------------+
Note: In order to hide this table in the UI and the text report file, please set the "Show Parameter Settings in Synthesis Report" option in "Analysis and Synthesis Settings -> More Settings" to "Off".


+-------------------------------+
; Elapsed Time Per Partition    ;
+----------------+--------------+
; Partition Name ; Elapsed Time ;
+----------------+--------------+
; Top            ; 00:00:00     ;
+----------------+--------------+


+-------------------------------+
; Analysis & Synthesis Messages ;
+-------------------------------+
Info: *******************************************************************
Info: Running Quartus II 64-Bit Analysis & Synthesis
    Info: Version 13.0.1 Build 232 06/12/2013 Service Pack 1 SJ Web Edition
    Info: Processing started: Sat Jun 18 02:40:34 2022
Info: Command: quartus_map --read_settings_files=on --write_settings_files=off ula_multiplicador -c ula_multiplicador
Warning (20028): Parallel compilation is not licensed and has been disabled
Info (12021): Found 2 design units, including 1 entities, in source file bc.vhd
    Info (12022): Found design unit 1: bc-estrutura
    Info (12023): Found entity 1: bc
Info (12021): Found 2 design units, including 1 entities, in source file somadorsubtrator.vhd
    Info (12022): Found design unit 1: somadorsubtrator-estrutura
    Info (12023): Found entity 1: somadorsubtrator
Info (12021): Found 2 design units, including 1 entities, in source file registrador_r.vhd
    Info (12022): Found design unit 1: registrador_r-estrutura
    Info (12023): Found entity 1: registrador_r
Info (12021): Found 2 design units, including 1 entities, in source file registrador.vhd
    Info (12022): Found design unit 1: registrador-estrutura
    Info (12023): Found entity 1: registrador
Info (12021): Found 2 design units, including 1 entities, in source file mux2para1.vhd
    Info (12022): Found design unit 1: mux2para1-comportamento
    Info (12023): Found entity 1: mux2para1
Info (12021): Found 2 design units, including 1 entities, in source file igualazero.vhd
    Info (12022): Found design unit 1: igualazero-estrutura
    Info (12023): Found entity 1: igualazero
Info (12021): Found 2 design units, including 1 entities, in source file bo.vhd
    Info (12022): Found design unit 1: bo-estrutura
    Info (12023): Found entity 1: bo
Info (12021): Found 0 design units, including 0 entities, in source file ula_multiplicador.vhd
Info (12021): Found 2 design units, including 1 entities, in source file multiplicador_v1.vhd
    Info (12022): Found design unit 1: multiplicador_v1-behavior
    Info (12023): Found entity 1: multiplicador_v1
Info (12021): Found 2 design units, including 1 entities, in source file bc_multiplicador.vhd
    Info (12022): Found design unit 1: bc_multiplicador-estrutura
    Info (12023): Found entity 1: bc_multiplicador
Info (12021): Found 2 design units, including 1 entities, in source file bo_multiplicador.vhd
    Info (12022): Found design unit 1: bo_multiplicador-estrutura
    Info (12023): Found entity 1: bo_multiplicador
Info (12021): Found 2 design units, including 1 entities, in source file teste.vhd
    Info (12022): Found design unit 1: teste-arch
    Info (12023): Found entity 1: teste
Info (12021): Found 2 design units, including 1 entities, in source file logicaabbit.vhd
    Info (12022): Found design unit 1: logicaabbit-arch
    Info (12023): Found entity 1: logicaabbit
Info (12021): Found 2 design units, including 1 entities, in source file tp1_bc.vhd
    Info (12022): Found design unit 1: TP1_bc-estrutura
    Info (12023): Found entity 1: TP1_bc
Info (12021): Found 2 design units, including 1 entities, in source file tp1_bo.vhd
    Info (12022): Found design unit 1: TP1_bo-estrutura
    Info (12023): Found entity 1: TP1_bo
Info (12021): Found 2 design units, including 1 entities, in source file tp1.vhd
    Info (12022): Found design unit 1: TP1-estrutura
    Info (12023): Found entity 1: TP1
Info (12021): Found 2 design units, including 1 entities, in source file registrador_unsigned.vhd
    Info (12022): Found design unit 1: registrador_unsigned-estrutura
    Info (12023): Found entity 1: registrador_unsigned
Info (12021): Found 2 design units, including 1 entities, in source file ula.vhd
    Info (12022): Found design unit 1: ula-arch
    Info (12023): Found entity 1: ula
Info (12021): Found 2 design units, including 1 entities, in source file booth_multiplier_8bits.vhd
    Info (12022): Found design unit 1: booth_multiplier_8bits-arch
    Info (12023): Found entity 1: booth_multiplier_8bits
Info (12021): Found 2 design units, including 1 entities, in source file booth_multiplier_4bits.vhd
    Info (12022): Found design unit 1: booth_multiplier_4bits-arch
    Info (12023): Found entity 1: booth_multiplier_4bits
Info (12021): Found 2 design units, including 1 entities, in source file booth_multiplier_16bits.vhd
    Info (12022): Found design unit 1: booth_multiplier_16bits-arch
    Info (12023): Found entity 1: booth_multiplier_16bits
Info (12127): Elaborating entity "TP1" for the top level hierarchy
Info (12128): Elaborating entity "TP1_bc" for hierarchy "TP1_bc:bc0"
Info (12128): Elaborating entity "TP1_bo" for hierarchy "TP1_bo:bo0"
Info (12128): Elaborating entity "registrador" for hierarchy "TP1_bo:bo0|registrador:regA"
Warning (10492): VHDL Process Statement warning at registrador.vhd(16): signal "carga" is read inside the Process Statement but isn't in the Process Statement's sensitivity list
Info (12128): Elaborating entity "registrador_unsigned" for hierarchy "TP1_bo:bo0|registrador_unsigned:regOp"
Warning (10492): VHDL Process Statement warning at registrador_unsigned.vhd(16): signal "carga" is read inside the Process Statement but isn't in the Process Statement's sensitivity list
Info (12128): Elaborating entity "ula" for hierarchy "TP1_bo:bo0|ula:ula0"
Warning (10036): Verilog HDL or VHDL warning at ula.vhd(19): object "a_temp" assigned a value but never read
Warning (10036): Verilog HDL or VHDL warning at ula.vhd(19): object "b_temp" assigned a value but never read
Warning (10540): VHDL Signal Declaration warning at ula.vhd(21): used explicit default value for signal "tudo_zero" because signal was never assigned a value
Info (12128): Elaborating entity "somadorsubtrator" for hierarchy "TP1_bo:bo0|ula:ula0|somadorsubtrator:somasub0"
Info (12128): Elaborating entity "booth_multiplier_4bits" for hierarchy "TP1_bo:bo0|ula:ula0|booth_multiplier_4bits:booth0"
Info (16010): Generating hard_block partition "hard_block:auto_generated_inst"
    Info (16011): Adding 0 node(s), including 0 DDIO, 0 PLL, 0 transceiver and 0 LCELL
Info (21057): Implemented 129 device resources after synthesis - the final resource count might be different
    Info (21058): Implemented 7 input pins
    Info (21059): Implemented 11 output pins
    Info (21061): Implemented 111 logic cells
Info: Quartus II 64-Bit Analysis & Synthesis was successful. 0 errors, 6 warnings
    Info: Peak virtual memory: 4640 megabytes
    Info: Processing ended: Sat Jun 18 02:40:35 2022
    Info: Elapsed time: 00:00:01
    Info: Total CPU time (on all processors): 00:00:01


